 - Core: cannot be directly excluded.
 - FileBrowserWindow: excluded from the GUI version of OpenCOR.
 - Unknown: unknown plugin.
