 - Core: cannot be directly included.
 - FileBrowserWindow: included to the GUI version of OpenCOR.
 - Unknown: unknown plugin.
