def model cellml_1_0 as
    def unit baseunit1 as base unit;
    def unit baseunit2 as base unit;
    def unit baseunit3 as base unit;

    def unit unit1 as
        unit ampere;
        unit becquerel;
        unit candela;
        unit celsius;
        unit coulomb;
        unit dimensionless;
        unit farad;
        unit gram;
        unit gray;
        unit henry;
        unit hertz;
        unit joule;
        unit katal;
        unit kelvin;
        unit kilogram;
        unit liter;
        unit litre;
        unit lumen;
        unit lux;
        unit meter;
        unit metre;
        unit mole;
        unit newton;
        unit ohm;
        unit pascal;
        unit radian;
        unit second;
        unit siemens;
        unit sievert;
        unit steradian;
        unit tesla;
        unit volt;
        unit watt;
        unit weber;
    enddef;

    def unit unit2 as
        unit someunit {pref: milli, expo: -1, mult: 3, off: 7};
    enddef;

    def unit unit3 as
        unit someunit {pref: yotta};
        unit someunit {pref: zetta};
        unit someunit {pref: exa};
        unit someunit {pref: peta};
        unit someunit {pref: tera};
        unit someunit {pref: giga};
        unit someunit {pref: mega};
        unit someunit {pref: kilo};
        unit someunit {pref: hecto};
        unit someunit {pref: deka};
        unit someunit {pref: deci};
        unit someunit {pref: centi};
        unit someunit {pref: milli};
        unit someunit {pref: micro};
        unit someunit {pref: nano};
        unit someunit {pref: milli};
        unit someunit {pref: pico};
        unit someunit {pref: femto};
        unit someunit {pref: atto};
        unit someunit {pref: zepto};
        unit someunit {pref: yocto};
    enddef;

    def comp component1 as
        def unit baseunit1 as base unit;
        def unit baseunit2 as base unit;
        def unit baseunit3 as base unit;

        def unit unit1 as
            unit ampere;
            unit becquerel;
            unit candela;
            unit celsius;
            unit coulomb;
            unit dimensionless;
            unit farad;
            unit gram;
            unit gray;
            unit henry;
            unit hertz;
            unit joule;
            unit katal;
            unit kelvin;
            unit kilogram;
            unit liter;
            unit litre;
            unit lumen;
            unit lux;
            unit meter;
            unit metre;
            unit mole;
            unit newton;
            unit ohm;
            unit pascal;
            unit radian;
            unit second;
            unit siemens;
            unit sievert;
            unit steradian;
            unit tesla;
            unit volt;
            unit watt;
            unit weber;
        enddef;

        def unit unit2 as
            unit someunit {pref: milli, expo: -1, mult: 3, off: 7};
        enddef;

        def unit unit3 as
            unit someunit {pref: yotta};
            unit someunit {pref: zetta};
            unit someunit {pref: exa};
            unit someunit {pref: peta};
            unit someunit {pref: tera};
            unit someunit {pref: giga};
            unit someunit {pref: mega};
            unit someunit {pref: kilo};
            unit someunit {pref: hecto};
            unit someunit {pref: deka};
            unit someunit {pref: deci};
            unit someunit {pref: centi};
            unit someunit {pref: milli};
            unit someunit {pref: micro};
            unit someunit {pref: nano};
            unit someunit {pref: milli};
            unit someunit {pref: pico};
            unit someunit {pref: femto};
            unit someunit {pref: atto};
            unit someunit {pref: zepto};
            unit someunit {pref: yocto};
        enddef;

        var variable1: unit1;
        var variable2: unit2 {init: 123};
        var variable3: unit3 {pub: in};
        var variable4: unit4 {priv: out};
        var variable5: unit5 {pub: none, priv: none};

        a = b;
        a = 3{dimensionless};
        a = 5{???};
        a = 12.3e5{dimensionless};

        a = sel
            case Version == 0{dimensionless}:
                123{dimensionless};
            case Version == 1{dimensionless}:
                456{dimensionless};
            otherwise:
                789{dimensionless};
        endsel;

        a = b == c;
        a = b <> c;
        a = b > c;
        a = b < c;
        a = b >= c;
        a = b <= c;
        a = b;
        a = b+c;
        a = b+c+d;
        a = (b and c)+(b or c);
        a = (b and c)+c;
        a = b+(b or c);
        a = -b;
        a = -exp(b);
        a = -(b == c);
        a = -(b <> c);
        a = -(b > c);
        a = -(b < c);
        a = -(b >= c);
        a = -(b <= c);
        a = -(b+c);
        a = -(b-c);
        a = -b*c;
        a = -b/c;
        a = -(b and c);
        a = -(b or c);
        a = -(b xor c);
        a = -not b;
        a = b-c;
        a = (b and c)-(b or c);
        a = (b and c)-c;
        a = b-(b or c);
        a = b-(c+d);
        a = b-c;
        a = b-(c-d);
        a = b-(-c);
        a = b*c;
        a = b*c*d;
        a = (b and c)*(b or c);
        a = (b and c)*c;
        a = b*(b or c);
        a = b*-c;
        a = b*c;
        a = b*-c;
        a = b*-c*d;
        a = b/c;
        a = (b and c)/(b or c);
        a = (b and c)/c;
        a = b/(b or c);
        a = b/-c;
        a = b/c;
        a = b/-c;
        a = b/(c*d);
        a = pow(b, c);
        a = sqrt(b);
        a = sqr(b);
        a = pow(b, 3{dimensionless});
        a = sqrt(b);
        a = sqrt(b);
        a = root(b, 3{dimensionless});
        a = root(b, c);
        a = abs(b);
        a = exp(b);
        a = ln(b);
        a = log(b);
        a = log(b, c);
        a = ceil(b);
        a = floor(b);
        a = fact(b);
        a = b and c;
        a = b and c and d;
        a = (b == c) and (b <> c);
        a = (b == c) and c;
        a = b and (b <> c);
        a = b*c and b/c;
        a = (b+c) and (b-c);
        a = b and -c;
        a = b or c;
        a = b or c or d;
        a = (b == c) or (b <> c);
        a = (b == c) or c;
        a = b or (b <> c);
        a = b*c or b/c;
        a = (b+c) or (b-c);
        a = b or -c;
        a = b xor c;
        a = b xor c xor d;
        a = (b == c) xor (b <> c);
        a = (b == c) xor c;
        a = b xor (b <> c);
        a = b*c xor b/c;
        a = (b+c) xor (b-c);
        a = b xor -c;
        a = not b;
        a = not exp(b);
        a = not(b == c);
        a = not(b <> c);
        a = not(b > c);
        a = not(b < c);
        a = not(b >= c);
        a = not(b <= c);
        a = not(b+c);
        a = not(b-c);
        a = not(b*c);
        a = not(b/c);
        a = not(b and c);
        a = not(b or c);
        a = not(b xor c);
        a = not not b;
        a = ode(f, t);
        a = true;
        a = false;
        a = pi;
        a = e;
        a = sin(b);
        a = cos(b);
        a = tan(b);
        a = sec(b);
        a = csc(b);
        a = cot(b);
        a = sinh(b);
        a = cosh(b);
        a = tanh(b);
        a = sech(b);
        a = csch(b);
        a = coth(b);
        a = asin(b);
        a = acos(b);
        a = atan(b);
        a = asec(b);
        a = acsc(b);
        a = acot(b);
        a = asinh(b);
        a = acosh(b);
        a = atanh(b);
        a = asech(b);
        a = acsch(b);
        a = acoth(b);
    enddef;

    def group as containment for
        comp component1 incl
            comp component11 incl
                comp component111;
                comp component112;
            endcomp;
        endcomp;
    enddef;

    def group as containment containment1 for
        comp component1 incl
            comp component12 incl
                comp component121;
            endcomp;

            comp component13;
        endcomp;
    enddef;

    def group as encapsulation for
        comp component11 incl
            comp component111;
            comp component112;
        endcomp;

        comp component12 incl
            comp component121;
        endcomp;
    enddef;

    def group as encapsulation and containment containment1 for
        comp component1;
    enddef;

    def map between component1 and component2 for
        vars variable1 and variable2;
    enddef;
enddef;
