Commands supported by the CellMLTextView plugin:
 * Display the commands supported by the CellMLTextView plugin:
      help
 * Export a CellML Text <file> to CellML:
      export <file>
 * Import a CellML <file> to the CellML Text format:
      import <file>
